--progress is a global compose flag, better use `docker compose --progress xx build ...
 Image 2883643658b6ee1f2a720228efd395ec786b089e10bfcd3f0819eed6ff35a773-app Building 
#1 [internal] load local bake definitions
#1 reading from stdin 792B done
#1 DONE 0.0s

#2 [internal] load build definition from Dockerfile
#2 transferring dockerfile: 790B 0.0s done
#2 DONE 0.1s

#3 [auth] dunglas/frankenphp:pull token for registry-1.docker.io
#3 DONE 0.0s

#4 [auth] composer/composer:pull token for registry-1.docker.io
#4 DONE 0.0s

#5 [internal] load metadata for docker.io/dunglas/frankenphp:php8.4
#5 DONE 2.7s

#6 [internal] load metadata for docker.io/composer/composer:2-bin
#6 DONE 2.8s

#7 [internal] load .dockerignore
#7 transferring context: 2B 0.0s done
#7 DONE 0.0s

#8 [stage-0 1/5] FROM docker.io/dunglas/frankenphp:php8.4@sha256:035fcb2fab91aacf77d70ee555d51b9bb084d057b16cf8a644bf1f93e28d4e3e
#8 resolve docker.io/dunglas/frankenphp:php8.4@sha256:035fcb2fab91aacf77d70ee555d51b9bb084d057b16cf8a644bf1f93e28d4e3e 0.0s done
#8 CACHED

#9 FROM docker.io/composer/composer:2-bin@sha256:696bfbbb82d8ab6ad3672c505bedd659e3815fd1c03cb5ef65ef7ee07a083fa6
#9 resolve docker.io/composer/composer:2-bin@sha256:696bfbbb82d8ab6ad3672c505bedd659e3815fd1c03cb5ef65ef7ee07a083fa6 0.0s done
#9 CACHED

#10 [internal] load build context
#10 transferring context: 62B 0.0s done
#10 DONE 0.0s

#11 [stage-0 2/5] RUN install-php-extensions pdo_mysql intl zip opcache
#11 0.173 install-php-extensions v.2.12.0
#11 0.173 #StandWithUkraine
#11 0.312 ### WARNING Module already installed: opcache ###
#11 0.996 Updating channel "pecl.php.net"
#11 1.134 Channel "pecl.php.net" is up to date
#11 1.212 Get:1 http://deb.debian.org/debian trixie InRelease [140 kB]
#11 1.243 Get:2 http://deb.debian.org/debian trixie-updates InRelease [47.3 kB]
#11 1.260 Get:3 http://deb.debian.org/debian-security trixie-security InRelease [43.4 kB]
#11 1.274 Get:4 http://deb.debian.org/debian trixie/main amd64 Packages [9678 kB]
#11 1.886 Get:5 http://deb.debian.org/debian trixie-updates/main amd64 Packages [4412 B]
#11 1.898 Err:5 http://deb.debian.org/debian trixie-updates/main amd64 Packages
#11 1.898   Hash Sum mismatch
#11 1.898   Hashes of expected file:
#11 1.898    - Filesize:4412 [weak]
#11 1.898    - SHA256:10012cb384dc2613586d7b3d391d92a5637c9faa36017239739f2a6109a0d45f
#11 1.898   Hashes of received file:
#11 1.898    - SHA256:647aa3ac4fbe692da411f4399095347f0bb9626b6d209de63601d1c4955e05c5
#11 1.898    - Filesize:4412 [weak]
#11 1.898   Last modification reported: Sat, 18 Jul 2026 07:57:17 +0000
#11 1.898   Release file created at: Mon, 28 Sep 2026 02:09:10 +0000
#11 1.903 Ign:6 http://deb.debian.org/debian-security trixie-security/main amd64 Packages
#11 2.939 Get:6 http://deb.debian.org/debian-security trixie-security/main amd64 Packages [263 kB]
#11 3.001 Fetched 10.2 MB in 2s (5559 kB/s)
#11 3.001 Reading package lists...
#11 3.361 E: Failed to fetch http://deb.debian.org/debian/dists/trixie-updates/main/binary-amd64/by-hash/SHA256/10012cb384dc2613586d7b3d391d92a5637c9faa36017239739f2a6109a0d45f  Hash Sum mismatch
#11 3.361    Hashes of expected file:
#11 3.361     - Filesize:4412 [weak]
#11 3.361     - SHA256:10012cb384dc2613586d7b3d391d92a5637c9faa36017239739f2a6109a0d45f
#11 3.361    Hashes of received file:
#11 3.361     - SHA256:647aa3ac4fbe692da411f4399095347f0bb9626b6d209de63601d1c4955e05c5
#11 3.361     - Filesize:4412 [weak]
#11 3.361    Last modification reported: Sat, 18 Jul 2026 07:57:17 +0000
#11 3.361    Release file created at: Mon, 28 Sep 2026 02:09:10 +0000
#11 3.361 E: Some index files failed to download. They have been ignored, or old ones used instead.
#11 ERROR: process "/bin/sh -c install-php-extensions pdo_mysql intl zip opcache" did not complete successfully: exit code: 100
------
 > [stage-0 2/5] RUN install-php-extensions pdo_mysql intl zip opcache:
3.361 E: Failed to fetch http://deb.debian.org/debian/dists/trixie-updates/main/binary-amd64/by-hash/SHA256/10012cb384dc2613586d7b3d391d92a5637c9faa36017239739f2a6109a0d45f  Hash Sum mismatch
3.361    Hashes of expected file:
3.361     - Filesize:4412 [weak]
3.361     - SHA256:10012cb384dc2613586d7b3d391d92a5637c9faa36017239739f2a6109a0d45f
3.361    Hashes of received file:
3.361     - SHA256:647aa3ac4fbe692da411f4399095347f0bb9626b6d209de63601d1c4955e05c5
3.361     - Filesize:4412 [weak]
3.361    Last modification reported: Sat, 18 Jul 2026 07:57:17 +0000
3.361    Release file created at: Mon, 28 Sep 2026 02:09:10 +0000
3.361 E: Some index files failed to download. They have been ignored, or old ones used instead.
------
Dockerfile:10

--------------------

   8 |     #   zip        -> Composer décompresse les paquets

   9 |     #   opcache    -> compilation PHP mise en cache

  10 | >>> RUN install-php-extensions pdo_mysql intl zip opcache

  11 |     

  12 |     # Composer 2, récupéré depuis son image officielle

--------------------

failed to solve: process "/bin/sh -c install-php-extensions pdo_mysql intl zip opcache" did not complete successfully: exit code: 100

